---
source: src/ui/pages/mod.rs
expression: draw.unwrap()
---
"------------------------------ EPIC ------------------------------\n  id  |     name     |         description         |    status    \n1     |              |                             |OPEN          \n---------------------------- STORIES ----------------------------\n     id     |               name               |      status      \n\n[p] previous | [u] update epic | [d] delete epic | [c] create story | [:id:] navigate to story\n"

